f_spk10_s1_tr_1 f_spk10_s1_tr_1
f_spk10_s1_tr_2 f_spk10_s1_tr_2
f_spk10_s2_tr_1 f_spk10_s2_tr_1
f_spk10_s2_tr_2 f_spk10_s2_tr_2
f_spk10_s2_tr_3 f_spk10_s2_tr_3
f_spk10_s2_tr_4 f_spk10_s2_tr_4
f_spk10_s3_tr_1 f_spk10_s3_tr_1
f_spk10_s3_tr_2 f_spk10_s3_tr_2
f_spk10_s3_tr_3 f_spk10_s3_tr_3
f_spk10_s4_tr_1 f_spk10_s4_tr_1
f_spk10_s4_tr_2 f_spk10_s4_tr_2
f_spk10_s6_tr_1 f_spk10_s6_tr_1
f_spk10_s8_tr_1 f_spk10_s8_tr_1
f_spk10_s8_tr_2 f_spk10_s8_tr_2
f_spk10_s9_tr_1 f_spk10_s9_tr_1
f_spk1_s1_tr_1 f_spk1_s1_tr_1
f_spk1_s1_tr_2 f_spk1_s1_tr_2
f_spk1_s2_tr_1 f_spk1_s2_tr_1
f_spk1_s2_tr_2 f_spk1_s2_tr_2
f_spk1_s2_tr_3 f_spk1_s2_tr_3
f_spk1_s2_tr_4 f_spk1_s2_tr_4
f_spk1_s3_tr_1 f_spk1_s3_tr_1
f_spk1_s3_tr_2 f_spk1_s3_tr_2
f_spk1_s3_tr_3 f_spk1_s3_tr_3
f_spk1_s4_tr_1 f_spk1_s4_tr_1
f_spk1_s4_tr_2 f_spk1_s4_tr_2
f_spk1_s6_tr_1 f_spk1_s6_tr_1
f_spk1_s8_tr_1 f_spk1_s8_tr_1
f_spk1_s8_tr_2 f_spk1_s8_tr_2
f_spk1_s9_tr_1 f_spk1_s9_tr_1
f_spk2_s1_tr_1 f_spk2_s1_tr_1
f_spk2_s1_tr_2 f_spk2_s1_tr_2
f_spk2_s2_tr_1 f_spk2_s2_tr_1
f_spk2_s2_tr_2 f_spk2_s2_tr_2
f_spk2_s2_tr_3 f_spk2_s2_tr_3
f_spk2_s2_tr_4 f_spk2_s2_tr_4
f_spk2_s3_tr_1 f_spk2_s3_tr_1
f_spk2_s3_tr_2 f_spk2_s3_tr_2
f_spk2_s3_tr_3 f_spk2_s3_tr_3
f_spk2_s4_tr_1 f_spk2_s4_tr_1
f_spk2_s4_tr_2 f_spk2_s4_tr_2
f_spk2_s6_tr_1 f_spk2_s6_tr_1
f_spk2_s8_tr_1 f_spk2_s8_tr_1
f_spk2_s8_tr_2 f_spk2_s8_tr_2
f_spk2_s9_tr_1 f_spk2_s9_tr_1
f_spk3_s1_tr_1 f_spk3_s1_tr_1
f_spk3_s1_tr_2 f_spk3_s1_tr_2
f_spk3_s2_tr_1 f_spk3_s2_tr_1
f_spk3_s2_tr_2 f_spk3_s2_tr_2
f_spk3_s2_tr_3 f_spk3_s2_tr_3
f_spk3_s2_tr_4 f_spk3_s2_tr_4
f_spk3_s3_tr_1 f_spk3_s3_tr_1
f_spk3_s3_tr_2 f_spk3_s3_tr_2
f_spk3_s3_tr_3 f_spk3_s3_tr_3
f_spk3_s4_tr_1 f_spk3_s4_tr_1
f_spk3_s4_tr_2 f_spk3_s4_tr_2
f_spk3_s6_tr_1 f_spk3_s6_tr_1
f_spk3_s8_tr_1 f_spk3_s8_tr_1
f_spk3_s8_tr_2 f_spk3_s8_tr_2
f_spk3_s9_tr_1 f_spk3_s9_tr_1
f_spk4_s1_tr_1 f_spk4_s1_tr_1
f_spk4_s1_tr_2 f_spk4_s1_tr_2
f_spk4_s2_tr_1 f_spk4_s2_tr_1
f_spk4_s2_tr_2 f_spk4_s2_tr_2
f_spk4_s2_tr_3 f_spk4_s2_tr_3
f_spk4_s2_tr_4 f_spk4_s2_tr_4
f_spk4_s3_tr_1 f_spk4_s3_tr_1
f_spk4_s3_tr_2 f_spk4_s3_tr_2
f_spk4_s3_tr_3 f_spk4_s3_tr_3
f_spk4_s4_tr_1 f_spk4_s4_tr_1
f_spk4_s4_tr_2 f_spk4_s4_tr_2
f_spk4_s6_tr_1 f_spk4_s6_tr_1
f_spk4_s8_tr_1 f_spk4_s8_tr_1
f_spk4_s8_tr_2 f_spk4_s8_tr_2
f_spk4_s9_tr_1 f_spk4_s9_tr_1
f_spk5_s1_tr_1 f_spk5_s1_tr_1
f_spk5_s1_tr_2 f_spk5_s1_tr_2
f_spk5_s2_tr_1 f_spk5_s2_tr_1
f_spk5_s2_tr_2 f_spk5_s2_tr_2
f_spk5_s2_tr_3 f_spk5_s2_tr_3
f_spk5_s2_tr_4 f_spk5_s2_tr_4
f_spk5_s3_tr_1 f_spk5_s3_tr_1
f_spk5_s3_tr_2 f_spk5_s3_tr_2
f_spk5_s3_tr_3 f_spk5_s3_tr_3
f_spk5_s4_tr_1 f_spk5_s4_tr_1
f_spk5_s4_tr_2 f_spk5_s4_tr_2
f_spk5_s6_tr_1 f_spk5_s6_tr_1
f_spk5_s8_tr_1 f_spk5_s8_tr_1
f_spk5_s8_tr_2 f_spk5_s8_tr_2
f_spk5_s9_tr_1 f_spk5_s9_tr_1
f_spk6_s1_tr_1 f_spk6_s1_tr_1
f_spk6_s1_tr_2 f_spk6_s1_tr_2
f_spk6_s2_tr_1 f_spk6_s2_tr_1
f_spk6_s2_tr_2 f_spk6_s2_tr_2
f_spk6_s2_tr_3 f_spk6_s2_tr_3
f_spk6_s2_tr_4 f_spk6_s2_tr_4
f_spk6_s3_tr_1 f_spk6_s3_tr_1
f_spk6_s3_tr_2 f_spk6_s3_tr_2
f_spk6_s3_tr_3 f_spk6_s3_tr_3
f_spk6_s4_tr_1 f_spk6_s4_tr_1
f_spk6_s4_tr_2 f_spk6_s4_tr_2
f_spk6_s6_tr_1 f_spk6_s6_tr_1
f_spk6_s8_tr_1 f_spk6_s8_tr_1
f_spk6_s8_tr_2 f_spk6_s8_tr_2
f_spk6_s9_tr_1 f_spk6_s9_tr_1
f_spk7_s1_tr_1 f_spk7_s1_tr_1
f_spk7_s1_tr_2 f_spk7_s1_tr_2
f_spk7_s2_tr_1 f_spk7_s2_tr_1
f_spk7_s2_tr_2 f_spk7_s2_tr_2
f_spk7_s2_tr_3 f_spk7_s2_tr_3
f_spk7_s2_tr_4 f_spk7_s2_tr_4
f_spk7_s3_tr_1 f_spk7_s3_tr_1
f_spk7_s3_tr_2 f_spk7_s3_tr_2
f_spk7_s3_tr_3 f_spk7_s3_tr_3
f_spk7_s4_tr_1 f_spk7_s4_tr_1
f_spk7_s4_tr_2 f_spk7_s4_tr_2
f_spk7_s6_tr_1 f_spk7_s6_tr_1
f_spk7_s8_tr_1 f_spk7_s8_tr_1
f_spk7_s8_tr_2 f_spk7_s8_tr_2
f_spk7_s9_tr_1 f_spk7_s9_tr_1
f_spk8_s1_tr_1 f_spk8_s1_tr_1
f_spk8_s1_tr_2 f_spk8_s1_tr_2
f_spk8_s2_tr_1 f_spk8_s2_tr_1
f_spk8_s2_tr_2 f_spk8_s2_tr_2
f_spk8_s2_tr_3 f_spk8_s2_tr_3
f_spk8_s2_tr_4 f_spk8_s2_tr_4
f_spk8_s3_tr_1 f_spk8_s3_tr_1
f_spk8_s3_tr_2 f_spk8_s3_tr_2
f_spk8_s3_tr_3 f_spk8_s3_tr_3
f_spk8_s4_tr_1 f_spk8_s4_tr_1
f_spk8_s4_tr_2 f_spk8_s4_tr_2
f_spk8_s6_tr_1 f_spk8_s6_tr_1
f_spk8_s8_tr_1 f_spk8_s8_tr_1
f_spk8_s8_tr_2 f_spk8_s8_tr_2
f_spk8_s9_tr_1 f_spk8_s9_tr_1
f_spk9_s1_tr_1 f_spk9_s1_tr_1
f_spk9_s1_tr_2 f_spk9_s1_tr_2
f_spk9_s2_tr_1 f_spk9_s2_tr_1
f_spk9_s2_tr_2 f_spk9_s2_tr_2
f_spk9_s2_tr_3 f_spk9_s2_tr_3
f_spk9_s2_tr_4 f_spk9_s2_tr_4
f_spk9_s3_tr_1 f_spk9_s3_tr_1
f_spk9_s3_tr_2 f_spk9_s3_tr_2
f_spk9_s3_tr_3 f_spk9_s3_tr_3
f_spk9_s4_tr_1 f_spk9_s4_tr_1
f_spk9_s4_tr_2 f_spk9_s4_tr_2
f_spk9_s6_tr_1 f_spk9_s6_tr_1
f_spk9_s8_tr_1 f_spk9_s8_tr_1
f_spk9_s8_tr_2 f_spk9_s8_tr_2
f_spk9_s9_tr_1 f_spk9_s9_tr_1
